// Vitest Snapshot v1, https://vitest.dev/guide/snapshot.html

exports[`VencordAstParser > getPluginName > parses all plugin names correctly 1`] = `
[
  "AccountPanelServerProfile",
  "AlwaysAnimate",
  "AlwaysExpandRoles",
  "AlwaysTrust",
  "AnonymiseFileNames",
  "AppleMusicRichPresence",
  "WebRichPresence (arRPC)",
  "BetterFolders",
  "BetterGifAltText",
  "BetterGifPicker",
  "BetterNotesBox",
  "BetterRoleContext",
  "BetterRoleDot",
  "BetterSessions",
  "BetterSettings",
  "BetterUploadButton",
  "BiggerStreamPreview",
  "BlurNSFW",
  "CallTimer",
  "ClearURLs",
  "ClientTheme",
  "ColorSighted",
  "ConsoleJanitor",
  "ConsoleShortcuts",
  "CopyEmojiMarkdown",
  "CopyFileContents",
  "CopyStickerLinks",
  "CopyUserURLs",
  "CrashHandler",
  "CtrlEnterSend",
  "CustomIdle",
  "CustomRPC",
  "Dearrow",
  "Decor",
  "DevCompanion",
  "DisableCallIdle",
  "DontRoundMyTimestamps",
  "Experiments",
  "ExpressionCloner",
  "F8Break",
  "FakeNitro",
  "FakeProfileThemes",
  "FavoriteEmojiFirst",
  "FavoriteGifSearch",
  "FixCodeblockGap",
  "FixImagesQuality",
  "FixSpotifyEmbeds",
  "FixYoutubeEmbeds",
  "ForceOwnerCrown",
  "FriendInvites",
  "FriendsSince",
  "FullSearchContext",
  "FullUserInChatbox",
  "GameActivityToggle",
  "GifPaste",
  "GreetStickerPicker",
  "HideMedia",
  "iLoveSpam",
  "IgnoreActivities",
  "ImageFilename",
  "ImageLink",
  "ImageZoom",
  "ImplicitRelationships",
  "InvisibleChat",
  "IrcColors",
  "KeepCurrentChannel",
  "LastFMRichPresence",
  "LoadingQuotes",
  "MemberCount",
  "MentionAvatars",
  "MessageClickActions",
  "MessageLatency",
  "MessageLinkEmbeds",
  "MessageLogger",
  "MessageTags",
  "MutualGroupDMs",
  "NewGuildSettings",
  "NoBlockedMessages",
  "DisableDeepLinks",
  "NoDevtoolsWarning",
  "NoF1",
  "NoMaskedUrlPaste",
  "NoMosaic",
  "NoOnboardingDelay",
  "NoPendingCount",
  "NoProfileThemes",
  "NoReplyMention",
  "NoServerEmojis",
  "NoSystemBadge",
  "NoTypingAnimation",
  "NoUnblockToJump",
  "NormalizeMessageLinks",
  "NotificationVolume",
  "OnePingPerDM",
  "oneko",
  "OpenInApp",
  "OverrideForumDefaults",
  "PauseInvitesForever",
  "PermissionFreeWill",
  "PermissionsViewer",
  "petpet",
  "PictureInPicture",
  "PinDMs",
  "PlainFolderIcon",
  "PlatformIndicators",
  "PreviewMessage",
  "QuickMention",
  "QuickReply",
  "ReactErrorDecoder",
  "ReadAllNotificationsButton",
  "RelationshipNotifier",
  "ReplaceGoogleSearch",
  "ReplyTimestamp",
  "RevealAllSpoilers",
  "ReverseImageSearch",
  "ReviewDB",
  "RoleColorEverywhere",
  "SecretRingToneEnabler",
  "Summaries",
  "SendTimestamps",
  "ServerInfo",
  "ServerListIndicators",
  "ShikiCodeblocks",
  "ShowAllMessageButtons",
  "ShowConnections",
  "ShowHiddenChannels",
  "ShowHiddenThings",
  "ShowMeYourName",
  "ShowTimeoutDuration",
  "SilentMessageToggle",
  "SilentTyping",
  "SortFriendRequests",
  "SpotifyControls",
  "SpotifyCrack",
  "SpotifyShareCommands",
  "StartupTimings",
  "StickerPaste",
  "StreamerModeOnStream",
  "SuperReactionTweaks",
  "TextReplace",
  "ThemeAttributes",
  "Translate",
  "TypingIndicator",
  "TypingTweaks",
  "Unindent",
  "UnlockedAvatarZoom",
  "UnsuppressEmbeds",
  "UserMessagesPronouns",
  "UserVoiceShow",
  "USRBG",
  "ValidReply",
  "ValidUser",
  "VoiceChatDoubleClick",
  "VcNarrator",
  "VencordToolbox",
  "ViewIcons",
  "ViewRaw",
  "VoiceDownload",
  "VoiceMessages",
  "VolumeBooster",
  "WebContextMenus",
  "WebKeybinds",
  "WebScreenShareFixes",
  "WhoReacted",
  "XSOverlay",
  "YoutubeAdblock",
  "BadgeAPI",
  "ChatInputButtonAPI",
  "CommandsAPI",
  "ContextMenuAPI",
  "DynamicImageModalAPI",
  "MemberListDecoratorsAPI",
  "MenuItemDemanglerAPI",
  "MessageAccessoriesAPI",
  "MessageDecorationsAPI",
  "MessageEventsAPI",
  "MessagePopoverAPI",
  "MessageUpdaterAPI",
  "NoticesAPI",
  "ServerListAPI",
  "UserSettingsAPI",
  "NoTrack",
  "Settings",
  "SupportHelper",
]
`;
